
   INFO  Server running on [http://127.0.0.1:8000].  

  Press Ctrl+C to stop the server

  2026-05-15 18:44:33 / ........................................................................................ ~ 3s
  2026-05-15 18:45:26 /api/auth/login .................................................................... ~ 508.79ms
  2026-05-15 18:45:26 /api/auth/login .......................................................................... ~ 3s
  2026-05-15 18:45:30 /api/me .............................................................................. ~ 0.31ms
  2026-05-15 18:45:30 /api/dashboards/master ............................................................... ~ 0.51ms
  2026-05-15 18:45:30 /api/dashboards/master ............................................................... ~ 1.71ms
  2026-05-15 18:45:30 /api/me ............................................................................ ~ 504.72ms
  2026-05-15 18:45:30 /api/dashboards/master ............................................................. ~ 511.82ms
  2026-05-15 18:45:31 /api/dashboards/master ............................................................... ~ 0.11ms
  2026-05-15 18:45:31 /api/dashboards/master ............................................................... ~ 0.69ms
  2026-05-15 18:45:32 /api/dashboards/master ............................................................... ~ 0.77ms
  2026-05-15 18:45:36 /api/auth/logout ................................................................... ~ 514.20ms
  2026-05-15 18:45:39 /api/landing/boosters .............................................................. ~ 514.27ms
  2026-05-15 18:45:39 /api/landing/boosters ................................................................ ~ 0.20ms
  2026-05-15 18:45:39 /api/auth/login ......................................................................... ~ 54s
  2026-05-15 18:46:34 /api/auth/login .................................................................... ~ 509.49ms
  2026-05-15 18:46:34 /api/auth/login ......................................................................... ~ 22s
  2026-05-15 18:46:57 /api/auth/login .................................................................... ~ 515.70ms
  2026-05-15 18:46:57 /api/auth/login ......................................................................... ~ 13s
  2026-05-15 18:47:11 /api/auth/login .................................................................... ~ 511.14ms
  2026-05-15 18:47:11 /api/auth/login .......................................................................... ~ 5s
  2026-05-15 18:47:17 /api/auth/login .................................................................... ~ 508.23ms
  2026-05-15 18:47:17 /api/me ............................................................................ ~ 510.09ms
  2026-05-15 18:47:18 /api/dashboards/booster .............................................................. ~ 0.21ms
  2026-05-15 18:47:18 /api/dashboards/booster .............................................................. ~ 1.37ms
  2026-05-15 18:47:18 /api/me ............................................................................ ~ 511.80ms
  2026-05-15 18:47:18 /api/dashboards/booster .............................................................. ~ 0.14ms
  2026-05-15 18:47:19 /api/dashboards/booster ............................................................ ~ 512.10ms
  2026-05-15 18:47:19 /api/dashboards/booster .............................................................. ~ 0.16ms
  2026-05-15 18:47:19 /api/dashboards/booster .............................................................. ~ 0.92ms
  2026-05-15 18:47:28 /api/auth/logout ..................................................................... ~ 0.85ms
  2026-05-15 18:47:34 /api/auth/login .................................................................... ~ 513.72ms
  2026-05-15 18:47:35 /api/auth/login .................................................................... ~ 509.15ms
  2026-05-15 18:47:35 /api/me .............................................................................. ~ 0.19ms
  2026-05-15 18:47:35 /api/dashboards/customer ........................................................... ~ 503.80ms
  2026-05-15 18:47:35 /api/dashboards/customer ........................................................... ~ 506.82ms
  2026-05-15 18:47:36 /api/me .............................................................................. ~ 1.28ms
  2026-05-15 18:47:36 /api/dashboards/customer ........................................................... ~ 505.85ms
  2026-05-15 18:47:36 /api/dashboards/customer ............................................................. ~ 0.27ms
  2026-05-15 18:47:37 /api/dashboards/customer ............................................................. ~ 3.00ms
  2026-05-15 18:47:37 /api/dashboards/customer ............................................................. ~ 0.84ms
  2026-05-15 19:09:00 /api/landing/boosters ................................................................ ~ 1.23ms
  2026-05-15 19:09:00 /api/landing/boosters .............................................................. ~ 510.22ms
  2026-05-15 19:09:01 /api/landing/boosters .............................................................. ~ 509.01ms
  2026-05-15 19:09:01 /api/landing/boosters ................................................................ ~ 0.66ms
  2026-05-15 19:09:54 /api/dashboards/customer ............................................................. ~ 1.70ms
  2026-05-15 19:09:54 /api/dashboards/customer ........................................................... ~ 514.41ms
  2026-05-15 19:09:54 /api/dashboards/customer ............................................................. ~ 0.12ms
  2026-05-15 19:09:55 /api/dashboards/customer ............................................................. ~ 0.17ms
  2026-05-15 19:09:55 /api/auth/refresh .................................................................... ~ 2.02ms
  2026-05-15 19:09:55 /api/auth/refresh .................................................................... ~ 0.66ms
  2026-05-15 19:09:56 /api/dashboards/customer ............................................................. ~ 0.15ms
  2026-05-15 19:09:56 /api/me .............................................................................. ~ 1.54ms
  2026-05-15 19:09:56 /api/dashboards/customer ............................................................. ~ 2.65ms
  2026-05-15 19:09:56 /api/dashboards/customer ............................................................. ~ 3.55ms
  2026-05-15 19:09:56 /api/dashboards/customer ........................................................... ~ 510.89ms
  2026-05-15 19:09:57 /api/me .............................................................................. ~ 0.17ms
  2026-05-15 19:09:57 /api/dashboards/customer ........................................................... ~ 514.11ms
  2026-05-15 19:09:57 /api/dashboards/customer ............................................................. ~ 0.15ms
  2026-05-15 19:09:57 /api/dashboards/customer ........................................................... ~ 511.57ms
  2026-05-15 19:09:58 /api/dashboards/customer ........................................................... ~ 514.93ms
  2026-05-15 19:11:49 /api/payments/customer ............................................................. ~ 510.03ms
  2026-05-15 19:11:50 /api/payments/customer ............................................................... ~ 0.16ms
  2026-05-15 19:11:50 /api/payments/methods/34 ............................................................. ~ 0.10ms
  2026-05-15 19:11:50 /api/payments/methods/34 ............................................................. ~ 2.01ms
  2026-05-15 19:11:50 /api/landing/boosters ................................................................... ~ 49s
  2026-05-15 19:12:41 /api/landing/boosters ................................................................ ~ 1.50ms
  2026-05-15 19:12:41 /api/landing/boosters ................................................................ ~ 0.13ms
  2026-05-15 19:12:41 /api/landing/boosters ................................................................ ~ 2.09ms
  2026-05-15 19:28:16 /api/landing/boosters ................................................................ ~ 0.64ms
  2026-05-15 19:28:16 /api/landing/boosters ................................................................ ~ 1.58ms
  2026-05-15 19:28:17 /api/landing/boosters .............................................................. ~ 515.79ms
  2026-05-15 19:28:17 /api/landing/boosters ................................................................ ~ 0.15ms
  2026-05-15 19:28:17 ...................................................................................... ~ 2m 53s
  2026-05-15 19:36:48 /api/dashboards/customer ............................................................. ~ 1.66ms
  2026-05-15 19:36:48 /api/dashboards/customer ........................................................... ~ 517.94ms
  2026-05-15 19:36:48 /api/dashboards/customer ............................................................. ~ 0.21ms
  2026-05-15 19:36:48 /api/dashboards/customer ............................................................. ~ 0.16ms
  2026-05-15 19:36:49 /api/auth/refresh .................................................................... ~ 2.06ms
  2026-05-15 19:36:49 /api/auth/refresh .................................................................... ~ 3.24ms
  2026-05-15 19:36:49 /api/dashboards/customer ............................................................. ~ 0.66ms
  2026-05-15 19:36:49 /api/me .............................................................................. ~ 1.65ms
  2026-05-15 19:36:49 /api/dashboards/customer ........................................................... ~ 515.31ms
  2026-05-15 19:36:49 /api/dashboards/customer ........................................................... ~ 516.35ms
  2026-05-15 19:36:50 /api/dashboards/customer ............................................................. ~ 0.16ms
  2026-05-15 19:36:50 /api/me ............................................................................ ~ 511.44ms
  2026-05-15 19:36:50 /api/dashboards/customer ........................................................... ~ 511.52ms
  2026-05-15 19:36:51 /api/dashboards/customer ............................................................. ~ 0.15ms
  2026-05-15 19:36:51 /api/dashboards/customer ........................................................... ~ 505.91ms
  2026-05-15 19:36:51 /api/dashboards/customer ........................................................... ~ 516.49ms
  2026-05-15 19:37:03 /api/payments/customer ............................................................. ~ 514.60ms
  2026-05-15 19:37:03 /api/payments/customer ............................................................... ~ 0.14ms
  2026-05-15 19:37:03 /api/payments/methods/35 ............................................................. ~ 0.11ms
  2026-05-15 19:37:04 /api/payments/methods/35 ............................................................. ~ 1.41ms
  2026-05-15 19:37:04 /api/payments/create ..................................................................... ~ 3s
  2026-05-15 19:37:08 /api/payments/create ..................................................................... ~ 3s
  2026-05-15 19:37:11 /api/payments/22/status .............................................................. ~ 0.15ms
  2026-05-15 19:37:11 /api/payments/22/status .............................................................. ~ 1.52ms
  2026-05-15 19:37:12 /api/payments/22/status ............................................................ ~ 510.99ms
  2026-05-15 19:37:12 /api/payments/22/status .............................................................. ~ 0.19ms
  2026-05-15 19:37:12 /api/payments/22/status .................................................................. ~ 2s
  2026-05-15 19:37:15 /api/payments/22/status .............................................................. ~ 2.02ms
  2026-05-15 19:37:15 /api/dashboards/customer ................................................................. ~ 1s
  2026-05-15 19:37:17 /api/dashboards/customer ............................................................. ~ 0.17ms
  2026-05-15 19:37:17 /api/dashboards/customer ........................................................... ~ 506.94ms
  2026-05-15 19:37:17 /api/dashboards/customer ........................................................... ~ 516.52ms
  2026-05-15 19:45:16 /api/landing/boosters ................................................................ ~ 0.69ms
  2026-05-15 19:45:16 /api/landing/boosters ................................................................ ~ 1.75ms
  2026-05-15 19:45:17 /api/landing/boosters .............................................................. ~ 509.92ms
  2026-05-15 19:45:17 /api/landing/boosters ................................................................ ~ 0.13ms
  2026-05-15 19:45:17 ...................................................................................... ~ 2m 37s
  2026-05-15 20:16:46 /api/landing/boosters .................................................................... ~ 5s
  2026-05-15 20:16:46 /api/auth/login ......................................................................... ~ 33s
  2026-05-15 20:18:09 /api/me .............................................................................. ~ 2.04ms
  2026-05-15 20:18:09 /api/me .............................................................................. ~ 3.11ms
  2026-05-15 20:18:09 /api/me .............................................................................. ~ 0.14ms
  2026-05-15 20:18:09 /api/me ............................................................................ ~ 506.86ms
  2026-05-15 20:18:10 /api/auth/refresh .................................................................... ~ 0.17ms
  2026-05-15 20:18:10 /api/auth/refresh .................................................................. ~ 511.65ms
  2026-05-15 20:18:10 /api/me .............................................................................. ~ 0.14ms
  2026-05-15 20:18:10 /api/me ............................................................................ ~ 510.80ms
  2026-05-15 20:18:10 /api/me ............................................................................ ~ 512.11ms
  2026-05-15 20:18:11 /api/me .............................................................................. ~ 0.15ms
  2026-05-15 20:18:11 /api/me .............................................................................. ~ 0.20ms
  2026-05-15 20:18:11 /api/landing/boosters ................................................................ ~ 0.61ms
  2026-05-15 20:18:11 /api/landing/boosters ................................................................ ~ 1.31ms
  2026-05-15 20:18:11 /api/me .............................................................................. ~ 0.11ms
  2026-05-15 20:18:11 /api/landing/boosters ................................................................ ~ 0.84ms
  2026-05-15 20:18:12 /api/landing/boosters .............................................................. ~ 513.34ms
